Scope: all 18 workspace projects
Lockfile is up to date, resolution step is skipped
Progress: resolved 1, reused 0, downloaded 0, added 0
Packages: +621
++++++++++++++++++++++++++++++++++++++++++++++++++++++++++++++++++++++++++++++++
Progress: resolved 621, reused 0, downloaded 516, added 156
Progress: resolved 621, reused 0, downloaded 608, added 477
Progress: resolved 621, reused 0, downloaded 613, added 621, done

devDependencies:
+ @babel/cli 7.28.6
+ @babel/core 7.29.0
+ @babel/preset-env 7.29.0
+ @babel/preset-typescript 7.28.5
+ @changesets/cli 2.29.8
+ @codspeed/vitest-plugin 5.4.0
+ @dom-expressions/babel-plugin-jsx 0.50.0-next.42
+ @dom-expressions/hyperscript 0.50.0-next.42
+ @dom-expressions/runtime 0.50.0-next.42
+ @dom-expressions/tagged-jsx 0.50.0-next.42
+ @rollup/plugin-babel 6.0.3
+ @rollup/plugin-commonjs 24.0.1
+ @rollup/plugin-json 6.1.0
+ @rollup/plugin-node-resolve 15.0.1
+ @rollup/plugin-replace 5.0.7
+ @solidjs/vite-plugin 3.0.0-next.27
+ @solidjs/web 2.0.0-rc.0 <- packages/solid-web
+ @testing-library/jest-dom 6.9.1
+ @types/node 25.6.0
+ @vitest/coverage-v8 4.1.6
+ babel-plugin-transform-rename-import 2.3.0
+ coveralls 3.1.1
+ csstype 3.2.3
+ esbuild 0.25.12
+ jsdom 25.0.1
+ ncp 2.0.0
+ npm-run-all2 8.0.4
+ prettier 3.8.1
+ rimraf 3.0.2
+ rollup 4.59.0
+ rollup-plugin-cleanup 3.2.1
+ rollup-plugin-copy 3.5.0
+ seroval 1.5.5
+ simple-git-hooks 2.13.1
+ symlink-dir 5.2.1
+ tsconfig-replace-paths 0.0.11
+ turbo 2.8.10
+ typescript 6.0.3
+ vitest 4.1.6

Done in 6.8s using pnpm v11.1.1
